main.c:213:6:serialPrintf	160	static
main.c:231:6:TOUCH_AF_INT_Change	32	static
main.c:242:6:I2C_LSM6DS33_ReadRegister	24	static,ignoring_inline_asm
main.c:260:6:I2C_LSM6DS33_WriteRegister	48	static,ignoring_inline_asm
main.c:282:6:IMUgetConf	32	static
main.c:357:6:IMUinit	16	static
main.c:390:6:IMUread	40	static
main.c:440:10:ReadAnalogChannel	32	static
main.c:460:5:main	176	static,ignoring_inline_asm
main.c:624:6:SystemClock_Config	136	static
main.c:677:13:MX_ADC1_Init	24	static
main.c:727:13:MX_ADC3_Init	24	static
main.c:777:13:MX_DAC_Init	16	static
main.c:815:13:MX_I2C1_Init	8	static
main.c:861:13:MX_I2C2_Init	8	static
main.c:907:13:MX_LTDC_Init	112	static
main.c:989:13:MX_SDIO_SD_Init	4	static
main.c:1017:13:MX_SPI2_Init	8	static
main.c:1055:13:MX_USART1_UART_Init	8	static
main.c:1088:13:MX_USART2_UART_Init	8	static
main.c:1121:13:MX_USART6_UART_Init	8	static
main.c:1154:13:MX_USB_OTG_FS_PCD_Init	8	static
main.c:1185:13:MX_FMC_Init	40	static
main.c:1236:13:MX_GPIO_Init	72	static
main.c:1465:6:Error_Handler	4	static,ignoring_inline_asm
