main.c:206:6:serialPrintf	160	static
main.c:224:6:TOUCH_AF_INT_Change	32	static
main.c:235:6:I2C_LSM6DS33_ReadRegister	24	static,ignoring_inline_asm
main.c:253:6:I2C_LSM6DS33_WriteRegister	48	static,ignoring_inline_asm
main.c:275:6:IMUgetConf	32	static
main.c:350:6:IMUinit	16	static
main.c:383:6:IMUread	40	static
main.c:438:5:main	120	static,ignoring_inline_asm
main.c:534:6:SystemClock_Config	136	static
main.c:587:13:MX_ADC3_Init	24	static
main.c:637:13:MX_DAC_Init	16	static
main.c:675:13:MX_I2C1_Init	8	static
main.c:721:13:MX_I2C2_Init	8	static
main.c:767:13:MX_LTDC_Init	112	static
main.c:849:13:MX_SDIO_SD_Init	4	static
main.c:877:13:MX_SPI2_Init	8	static
main.c:915:13:MX_USART1_UART_Init	8	static
main.c:948:13:MX_USART2_UART_Init	8	static
main.c:981:13:MX_USART6_UART_Init	8	static
main.c:1014:13:MX_USB_OTG_FS_PCD_Init	8	static
main.c:1045:13:MX_FMC_Init	40	static
main.c:1096:13:MX_GPIO_Init	72	static
main.c:1325:6:Error_Handler	4	static,ignoring_inline_asm
