stm32f4xx_hal_msp.c:64:6:HAL_MspInit	16	static
stm32f4xx_hal_msp.c:86:6:HAL_ADC_MspInit	56	static
stm32f4xx_hal_msp.c:153:6:HAL_ADC_MspDeInit	16	static
stm32f4xx_hal_msp.c:207:6:HAL_DAC_MspInit	48	static
stm32f4xx_hal_msp.c:240:6:HAL_DAC_MspDeInit	16	static
stm32f4xx_hal_msp.c:268:6:HAL_I2C_MspInit	56	static
stm32f4xx_hal_msp.c:328:6:HAL_I2C_MspDeInit	16	static
stm32f4xx_hal_msp.c:379:6:HAL_LTDC_MspInit	56	static
stm32f4xx_hal_msp.c:452:6:HAL_LTDC_MspDeInit	16	static
stm32f4xx_hal_msp.c:506:6:HAL_SD_MspInit	48	static
stm32f4xx_hal_msp.c:555:6:HAL_SD_MspDeInit	16	static
stm32f4xx_hal_msp.c:591:6:HAL_SPI_MspInit	48	static
stm32f4xx_hal_msp.c:629:6:HAL_SPI_MspDeInit	16	static
stm32f4xx_hal_msp.c:660:6:HAL_UART_MspInit	64	static
stm32f4xx_hal_msp.c:744:6:HAL_UART_MspDeInit	16	static
stm32f4xx_hal_msp.c:809:6:HAL_PCD_MspInit	48	static
stm32f4xx_hal_msp.c:851:6:HAL_PCD_MspDeInit	16	static
stm32f4xx_hal_msp.c:877:13:HAL_FMC_MspInit	32	static
stm32f4xx_hal_msp.c:983:6:HAL_SDRAM_MspInit	16	static
stm32f4xx_hal_msp.c:995:13:HAL_FMC_MspDeInit	8	static
stm32f4xx_hal_msp.c:1069:6:HAL_SDRAM_MspDeInit	16	static
