stm32f4xx_hal_msp.c:64:6:HAL_MspInit	16	static
stm32f4xx_hal_msp.c:86:6:HAL_ADC_MspInit	56	static
stm32f4xx_hal_msp.c:142:6:HAL_ADC_MspDeInit	16	static
stm32f4xx_hal_msp.c:185:6:HAL_DAC_MspInit	48	static
stm32f4xx_hal_msp.c:218:6:HAL_DAC_MspDeInit	16	static
stm32f4xx_hal_msp.c:246:6:HAL_I2C_MspInit	56	static
stm32f4xx_hal_msp.c:306:6:HAL_I2C_MspDeInit	16	static
stm32f4xx_hal_msp.c:357:6:HAL_LTDC_MspInit	56	static
stm32f4xx_hal_msp.c:430:6:HAL_LTDC_MspDeInit	16	static
stm32f4xx_hal_msp.c:484:6:HAL_SD_MspInit	48	static
stm32f4xx_hal_msp.c:533:6:HAL_SD_MspDeInit	16	static
stm32f4xx_hal_msp.c:569:6:HAL_SPI_MspInit	48	static
stm32f4xx_hal_msp.c:607:6:HAL_SPI_MspDeInit	16	static
stm32f4xx_hal_msp.c:638:6:HAL_UART_MspInit	64	static
stm32f4xx_hal_msp.c:722:6:HAL_UART_MspDeInit	16	static
stm32f4xx_hal_msp.c:787:6:HAL_PCD_MspInit	48	static
stm32f4xx_hal_msp.c:829:6:HAL_PCD_MspDeInit	16	static
stm32f4xx_hal_msp.c:855:13:HAL_FMC_MspInit	32	static
stm32f4xx_hal_msp.c:961:6:HAL_SDRAM_MspInit	16	static
stm32f4xx_hal_msp.c:973:13:HAL_FMC_MspDeInit	8	static
stm32f4xx_hal_msp.c:1047:6:HAL_SDRAM_MspDeInit	16	static
